[INFO] Balancing an unbalanced transaction:
         Tx 2ecd70166c531e5f30ac25fe72912106225a228243b0324959edbd9867fd416a:
           inputs:
           reference inputs:
           collateral inputs:
           outputs:
             - 1000000 lovelace addressed to
               PubKeyCredential: 80a4f45b56b88d1139da23bc4c3c75ec6d32943c087f250b86193ca7 (no staking credential)
           mint: 
           fee: 0 lovelace
           validity range: Interval {ivFrom = LowerBound NegInf True, ivTo = UpperBound PosInf True}
           data:
           redeemers:
         Utxo index:
[INFO] Finished balancing:
         Tx 4f54ed37832dae6b107c2a0ec1df8ae2718fe1419d0efd414dd124d2fb4d689b:
           inputs:
             - 60368582749c31ebc289ceb1422a492e0dc3d7b0ffd9b37f1bbb8155f72952c3!1
           reference inputs:
           collateral inputs:
           outputs:
             - 1000000 lovelace addressed to
               PubKeyCredential: 80a4f45b56b88d1139da23bc4c3c75ec6d32943c087f250b86193ca7 (no staking credential)
             - 8834455 lovelace addressed to
               PubKeyCredential: a2c20c77887ace1cd986193e4e75babd8993cfd56995cd5cfce609c2 (no staking credential)
           mint: 
           fee: 165545 lovelace
           validity range: Interval {ivFrom = LowerBound NegInf True, ivTo = UpperBound PosInf True}
           data:
           redeemers:
[INFO] Signing tx: 4f54ed37832dae6b107c2a0ec1df8ae2718fe1419d0efd414dd124d2fb4d689b
[INFO] Submitting tx: 4f54ed37832dae6b107c2a0ec1df8ae2718fe1419d0efd414dd124d2fb4d689b
[INFO] TxnValidation 4f54ed37832dae6b107c2a0ec1df8ae2718fe1419d0efd414dd124d2fb4d689b
       Validation success
[DEBUG] SlotAdd Slot 1
[INFO] Balancing an unbalanced transaction:
         Tx 2ecd70166c531e5f30ac25fe72912106225a228243b0324959edbd9867fd416a:
           inputs:
           reference inputs:
           collateral inputs:
           outputs:
             - 1000000 lovelace addressed to
               PubKeyCredential: 80a4f45b56b88d1139da23bc4c3c75ec6d32943c087f250b86193ca7 (no staking credential)
           mint: 
           fee: 0 lovelace
           validity range: Interval {ivFrom = LowerBound NegInf True, ivTo = UpperBound PosInf True}
           data:
           redeemers:
         Utxo index:
[INFO] Finished balancing:
         Tx a3db788dff556e9152c385257adbcc24ddbbcfd8e083ea70fd110741babb94c3:
           inputs:
             - 4f54ed37832dae6b107c2a0ec1df8ae2718fe1419d0efd414dd124d2fb4d689b!1
           reference inputs:
           collateral inputs:
           outputs:
             - 1000000 lovelace addressed to
               PubKeyCredential: 80a4f45b56b88d1139da23bc4c3c75ec6d32943c087f250b86193ca7 (no staking credential)
             - 7668910 lovelace addressed to
               PubKeyCredential: a2c20c77887ace1cd986193e4e75babd8993cfd56995cd5cfce609c2 (no staking credential)
           mint: 
           fee: 165545 lovelace
           validity range: Interval {ivFrom = LowerBound NegInf True, ivTo = UpperBound PosInf True}
           data:
           redeemers:
[INFO] Signing tx: a3db788dff556e9152c385257adbcc24ddbbcfd8e083ea70fd110741babb94c3
[INFO] Submitting tx: a3db788dff556e9152c385257adbcc24ddbbcfd8e083ea70fd110741babb94c3
[INFO] TxnValidation a3db788dff556e9152c385257adbcc24ddbbcfd8e083ea70fd110741babb94c3
       Validation success
[DEBUG] SlotAdd Slot 2