Slot 00000: TxnValidate ef0ca0fb043642529818003be5a6cac88aac499e4f8f1cbc3bdb35db2b7f6958
Slot 00000: SlotAdd Slot 1
Slot 00001: W[7]: InsertionSuccess: New tip is Tip(Slot 1, BlockId 3c376d383360ddc44271308f02ddb2a12f1cef21beb994afca459a5b1adeb877, BlockNumber 0). UTxO state was added to the end.
Slot 00001: W[8]: InsertionSuccess: New tip is Tip(Slot 1, BlockId 3c376d383360ddc44271308f02ddb2a12f1cef21beb994afca459a5b1adeb877, BlockNumber 0). UTxO state was added to the end.
Slot 00001: W[6]: InsertionSuccess: New tip is Tip(Slot 1, BlockId 3c376d383360ddc44271308f02ddb2a12f1cef21beb994afca459a5b1adeb877, BlockNumber 0). UTxO state was added to the end.
Slot 00001: W[4]: InsertionSuccess: New tip is Tip(Slot 1, BlockId 3c376d383360ddc44271308f02ddb2a12f1cef21beb994afca459a5b1adeb877, BlockNumber 0). UTxO state was added to the end.
Slot 00001: W[2]: InsertionSuccess: New tip is Tip(Slot 1, BlockId 3c376d383360ddc44271308f02ddb2a12f1cef21beb994afca459a5b1adeb877, BlockNumber 0). UTxO state was added to the end.
Slot 00001: W[1]: InsertionSuccess: New tip is Tip(Slot 1, BlockId 3c376d383360ddc44271308f02ddb2a12f1cef21beb994afca459a5b1adeb877, BlockNumber 0). UTxO state was added to the end.
Slot 00001: W[10]: InsertionSuccess: New tip is Tip(Slot 1, BlockId 3c376d383360ddc44271308f02ddb2a12f1cef21beb994afca459a5b1adeb877, BlockNumber 0). UTxO state was added to the end.
Slot 00001: W[9]: InsertionSuccess: New tip is Tip(Slot 1, BlockId 3c376d383360ddc44271308f02ddb2a12f1cef21beb994afca459a5b1adeb877, BlockNumber 0). UTxO state was added to the end.
Slot 00001: W[3]: InsertionSuccess: New tip is Tip(Slot 1, BlockId 3c376d383360ddc44271308f02ddb2a12f1cef21beb994afca459a5b1adeb877, BlockNumber 0). UTxO state was added to the end.
Slot 00001: W[5]: InsertionSuccess: New tip is Tip(Slot 1, BlockId 3c376d383360ddc44271308f02ddb2a12f1cef21beb994afca459a5b1adeb877, BlockNumber 0). UTxO state was added to the end.
Slot 00001: W[1]: TxSubmit: e2eb2da3beaedc6920508041ecff969882fd8d743cc3a5b686f357f5654f3be2
Slot 00001: TxnValidate e2eb2da3beaedc6920508041ecff969882fd8d743cc3a5b686f357f5654f3be2
Slot 00001: SlotAdd Slot 2
Slot 00002: W[7]: InsertionSuccess: New tip is Tip(Slot 2, BlockId fdfef30782bd18511142de23406190075aaf9ad8b887fc8b2aef6e871fb9086b, BlockNumber 1). UTxO state was added to the end.
Slot 00002: W[8]: InsertionSuccess: New tip is Tip(Slot 2, BlockId fdfef30782bd18511142de23406190075aaf9ad8b887fc8b2aef6e871fb9086b, BlockNumber 1). UTxO state was added to the end.
Slot 00002: W[6]: InsertionSuccess: New tip is Tip(Slot 2, BlockId fdfef30782bd18511142de23406190075aaf9ad8b887fc8b2aef6e871fb9086b, BlockNumber 1). UTxO state was added to the end.
Slot 00002: W[4]: InsertionSuccess: New tip is Tip(Slot 2, BlockId fdfef30782bd18511142de23406190075aaf9ad8b887fc8b2aef6e871fb9086b, BlockNumber 1). UTxO state was added to the end.
Slot 00002: W[2]: InsertionSuccess: New tip is Tip(Slot 2, BlockId fdfef30782bd18511142de23406190075aaf9ad8b887fc8b2aef6e871fb9086b, BlockNumber 1). UTxO state was added to the end.
Slot 00002: W[1]: InsertionSuccess: New tip is Tip(Slot 2, BlockId fdfef30782bd18511142de23406190075aaf9ad8b887fc8b2aef6e871fb9086b, BlockNumber 1). UTxO state was added to the end.
Slot 00002: W[10]: InsertionSuccess: New tip is Tip(Slot 2, BlockId fdfef30782bd18511142de23406190075aaf9ad8b887fc8b2aef6e871fb9086b, BlockNumber 1). UTxO state was added to the end.
Slot 00002: W[9]: InsertionSuccess: New tip is Tip(Slot 2, BlockId fdfef30782bd18511142de23406190075aaf9ad8b887fc8b2aef6e871fb9086b, BlockNumber 1). UTxO state was added to the end.
Slot 00002: W[3]: InsertionSuccess: New tip is Tip(Slot 2, BlockId fdfef30782bd18511142de23406190075aaf9ad8b887fc8b2aef6e871fb9086b, BlockNumber 1). UTxO state was added to the end.
Slot 00002: W[5]: InsertionSuccess: New tip is Tip(Slot 2, BlockId fdfef30782bd18511142de23406190075aaf9ad8b887fc8b2aef6e871fb9086b, BlockNumber 1). UTxO state was added to the end.
Slot 00002: W[2]: TxSubmit: c6c42ff9416613600eae84b05b6e868ca20957816986d167d680e61f65444b01
Slot 00002: TxnValidate c6c42ff9416613600eae84b05b6e868ca20957816986d167d680e61f65444b01
Slot 00002: SlotAdd Slot 3
Slot 00003: W[7]: InsertionSuccess: New tip is Tip(Slot 3, BlockId f1e2b1826a79c2f6961f4478ea1c09a6f86bae7c242a876d06f0cca096f0ce58, BlockNumber 2). UTxO state was added to the end.
Slot 00003: W[8]: InsertionSuccess: New tip is Tip(Slot 3, BlockId f1e2b1826a79c2f6961f4478ea1c09a6f86bae7c242a876d06f0cca096f0ce58, BlockNumber 2). UTxO state was added to the end.
Slot 00003: W[6]: InsertionSuccess: New tip is Tip(Slot 3, BlockId f1e2b1826a79c2f6961f4478ea1c09a6f86bae7c242a876d06f0cca096f0ce58, BlockNumber 2). UTxO state was added to the end.
Slot 00003: W[4]: InsertionSuccess: New tip is Tip(Slot 3, BlockId f1e2b1826a79c2f6961f4478ea1c09a6f86bae7c242a876d06f0cca096f0ce58, BlockNumber 2). UTxO state was added to the end.
Slot 00003: W[2]: InsertionSuccess: New tip is Tip(Slot 3, BlockId f1e2b1826a79c2f6961f4478ea1c09a6f86bae7c242a876d06f0cca096f0ce58, BlockNumber 2). UTxO state was added to the end.
Slot 00003: W[1]: InsertionSuccess: New tip is Tip(Slot 3, BlockId f1e2b1826a79c2f6961f4478ea1c09a6f86bae7c242a876d06f0cca096f0ce58, BlockNumber 2). UTxO state was added to the end.
Slot 00003: W[10]: InsertionSuccess: New tip is Tip(Slot 3, BlockId f1e2b1826a79c2f6961f4478ea1c09a6f86bae7c242a876d06f0cca096f0ce58, BlockNumber 2). UTxO state was added to the end.
Slot 00003: W[9]: InsertionSuccess: New tip is Tip(Slot 3, BlockId f1e2b1826a79c2f6961f4478ea1c09a6f86bae7c242a876d06f0cca096f0ce58, BlockNumber 2). UTxO state was added to the end.
Slot 00003: W[3]: InsertionSuccess: New tip is Tip(Slot 3, BlockId f1e2b1826a79c2f6961f4478ea1c09a6f86bae7c242a876d06f0cca096f0ce58, BlockNumber 2). UTxO state was added to the end.
Slot 00003: W[5]: InsertionSuccess: New tip is Tip(Slot 3, BlockId f1e2b1826a79c2f6961f4478ea1c09a6f86bae7c242a876d06f0cca096f0ce58, BlockNumber 2). UTxO state was added to the end.
Slot 00003: W[3]: TxSubmit: 8688aef1725c0425868967ac5c2023bca6b81bc494b1dea6b9f7892d908acc84
Slot 00003: TxnValidate 8688aef1725c0425868967ac5c2023bca6b81bc494b1dea6b9f7892d908acc84
Slot 00003: SlotAdd Slot 4
Slot 00004: W[7]: InsertionSuccess: New tip is Tip(Slot 4, BlockId 585a4c3a56487ff1d1aed70594fca8df14d54f6ab7f4fbef30e0bba199ce67bb, BlockNumber 3). UTxO state was added to the end.
Slot 00004: W[8]: InsertionSuccess: New tip is Tip(Slot 4, BlockId 585a4c3a56487ff1d1aed70594fca8df14d54f6ab7f4fbef30e0bba199ce67bb, BlockNumber 3). UTxO state was added to the end.
Slot 00004: W[6]: InsertionSuccess: New tip is Tip(Slot 4, BlockId 585a4c3a56487ff1d1aed70594fca8df14d54f6ab7f4fbef30e0bba199ce67bb, BlockNumber 3). UTxO state was added to the end.
Slot 00004: W[4]: InsertionSuccess: New tip is Tip(Slot 4, BlockId 585a4c3a56487ff1d1aed70594fca8df14d54f6ab7f4fbef30e0bba199ce67bb, BlockNumber 3). UTxO state was added to the end.
Slot 00004: W[2]: InsertionSuccess: New tip is Tip(Slot 4, BlockId 585a4c3a56487ff1d1aed70594fca8df14d54f6ab7f4fbef30e0bba199ce67bb, BlockNumber 3). UTxO state was added to the end.
Slot 00004: W[1]: InsertionSuccess: New tip is Tip(Slot 4, BlockId 585a4c3a56487ff1d1aed70594fca8df14d54f6ab7f4fbef30e0bba199ce67bb, BlockNumber 3). UTxO state was added to the end.
Slot 00004: W[10]: InsertionSuccess: New tip is Tip(Slot 4, BlockId 585a4c3a56487ff1d1aed70594fca8df14d54f6ab7f4fbef30e0bba199ce67bb, BlockNumber 3). UTxO state was added to the end.
Slot 00004: W[9]: InsertionSuccess: New tip is Tip(Slot 4, BlockId 585a4c3a56487ff1d1aed70594fca8df14d54f6ab7f4fbef30e0bba199ce67bb, BlockNumber 3). UTxO state was added to the end.
Slot 00004: W[3]: InsertionSuccess: New tip is Tip(Slot 4, BlockId 585a4c3a56487ff1d1aed70594fca8df14d54f6ab7f4fbef30e0bba199ce67bb, BlockNumber 3). UTxO state was added to the end.
Slot 00004: W[5]: InsertionSuccess: New tip is Tip(Slot 4, BlockId 585a4c3a56487ff1d1aed70594fca8df14d54f6ab7f4fbef30e0bba199ce67bb, BlockNumber 3). UTxO state was added to the end.
Slot 00004: SlotAdd Slot 5
Slot 00005: W[7]: InsertionSuccess: New tip is Tip(Slot 5, BlockId 76be8b528d0075f7aae98d6fa57a6d3c83ae480a8469e668d7b0af968995ac71, BlockNumber 4). UTxO state was added to the end.
Slot 00005: W[8]: InsertionSuccess: New tip is Tip(Slot 5, BlockId 76be8b528d0075f7aae98d6fa57a6d3c83ae480a8469e668d7b0af968995ac71, BlockNumber 4). UTxO state was added to the end.
Slot 00005: W[6]: InsertionSuccess: New tip is Tip(Slot 5, BlockId 76be8b528d0075f7aae98d6fa57a6d3c83ae480a8469e668d7b0af968995ac71, BlockNumber 4). UTxO state was added to the end.
Slot 00005: W[4]: InsertionSuccess: New tip is Tip(Slot 5, BlockId 76be8b528d0075f7aae98d6fa57a6d3c83ae480a8469e668d7b0af968995ac71, BlockNumber 4). UTxO state was added to the end.
Slot 00005: W[2]: InsertionSuccess: New tip is Tip(Slot 5, BlockId 76be8b528d0075f7aae98d6fa57a6d3c83ae480a8469e668d7b0af968995ac71, BlockNumber 4). UTxO state was added to the end.
Slot 00005: W[1]: InsertionSuccess: New tip is Tip(Slot 5, BlockId 76be8b528d0075f7aae98d6fa57a6d3c83ae480a8469e668d7b0af968995ac71, BlockNumber 4). UTxO state was added to the end.
Slot 00005: W[10]: InsertionSuccess: New tip is Tip(Slot 5, BlockId 76be8b528d0075f7aae98d6fa57a6d3c83ae480a8469e668d7b0af968995ac71, BlockNumber 4). UTxO state was added to the end.
Slot 00005: W[9]: InsertionSuccess: New tip is Tip(Slot 5, BlockId 76be8b528d0075f7aae98d6fa57a6d3c83ae480a8469e668d7b0af968995ac71, BlockNumber 4). UTxO state was added to the end.
Slot 00005: W[3]: InsertionSuccess: New tip is Tip(Slot 5, BlockId 76be8b528d0075f7aae98d6fa57a6d3c83ae480a8469e668d7b0af968995ac71, BlockNumber 4). UTxO state was added to the end.
Slot 00005: W[5]: InsertionSuccess: New tip is Tip(Slot 5, BlockId 76be8b528d0075f7aae98d6fa57a6d3c83ae480a8469e668d7b0af968995ac71, BlockNumber 4). UTxO state was added to the end.
Final balances
Wallet 7: 
    {, ""}: 100000000
Wallet 8: 
    {, ""}: 100000000
Wallet 6: 
    {, ""}: 100000000
Wallet 4: 
    {, ""}: 100000000
Wallet 2: 
    {, ""}: 99999495
Wallet 1: 
    {, ""}: 99999630
Wallet 10: 
    {, ""}: 100000000
Wallet 9: 
    {, ""}: 100000000
Wallet 3: 
    {, ""}: 99999495
Wallet 5: 
    {, ""}: 100000000
