Slot 00000: TxnValidate 98d5fbcefe21113b3f0390c1441e075b8a870cc5a8fa2a56dcde1d8247e41715
Slot 00000: SlotAdd Slot 1
Slot 00001: W[7]: InsertionSuccess: New tip is Tip(Slot 1, BlockId 1033bd6bfb9d90108db08880ad32a58980ae8dafd14c6217d7f83db6fae6f70c, BlockNumber 0). UTxO state was added to the end.
Slot 00001: W[8]: InsertionSuccess: New tip is Tip(Slot 1, BlockId 1033bd6bfb9d90108db08880ad32a58980ae8dafd14c6217d7f83db6fae6f70c, BlockNumber 0). UTxO state was added to the end.
Slot 00001: W[6]: InsertionSuccess: New tip is Tip(Slot 1, BlockId 1033bd6bfb9d90108db08880ad32a58980ae8dafd14c6217d7f83db6fae6f70c, BlockNumber 0). UTxO state was added to the end.
Slot 00001: W[4]: InsertionSuccess: New tip is Tip(Slot 1, BlockId 1033bd6bfb9d90108db08880ad32a58980ae8dafd14c6217d7f83db6fae6f70c, BlockNumber 0). UTxO state was added to the end.
Slot 00001: W[2]: InsertionSuccess: New tip is Tip(Slot 1, BlockId 1033bd6bfb9d90108db08880ad32a58980ae8dafd14c6217d7f83db6fae6f70c, BlockNumber 0). UTxO state was added to the end.
Slot 00001: W[1]: InsertionSuccess: New tip is Tip(Slot 1, BlockId 1033bd6bfb9d90108db08880ad32a58980ae8dafd14c6217d7f83db6fae6f70c, BlockNumber 0). UTxO state was added to the end.
Slot 00001: W[10]: InsertionSuccess: New tip is Tip(Slot 1, BlockId 1033bd6bfb9d90108db08880ad32a58980ae8dafd14c6217d7f83db6fae6f70c, BlockNumber 0). UTxO state was added to the end.
Slot 00001: W[9]: InsertionSuccess: New tip is Tip(Slot 1, BlockId 1033bd6bfb9d90108db08880ad32a58980ae8dafd14c6217d7f83db6fae6f70c, BlockNumber 0). UTxO state was added to the end.
Slot 00001: W[3]: InsertionSuccess: New tip is Tip(Slot 1, BlockId 1033bd6bfb9d90108db08880ad32a58980ae8dafd14c6217d7f83db6fae6f70c, BlockNumber 0). UTxO state was added to the end.
Slot 00001: W[5]: InsertionSuccess: New tip is Tip(Slot 1, BlockId 1033bd6bfb9d90108db08880ad32a58980ae8dafd14c6217d7f83db6fae6f70c, BlockNumber 0). UTxO state was added to the end.
Slot 00001: SlotAdd Slot 2
Slot 00002: W[7]: InsertionSuccess: New tip is Tip(Slot 2, BlockId 76be8b528d0075f7aae98d6fa57a6d3c83ae480a8469e668d7b0af968995ac71, BlockNumber 1). UTxO state was added to the end.
Slot 00002: W[8]: InsertionSuccess: New tip is Tip(Slot 2, BlockId 76be8b528d0075f7aae98d6fa57a6d3c83ae480a8469e668d7b0af968995ac71, BlockNumber 1). UTxO state was added to the end.
Slot 00002: W[6]: InsertionSuccess: New tip is Tip(Slot 2, BlockId 76be8b528d0075f7aae98d6fa57a6d3c83ae480a8469e668d7b0af968995ac71, BlockNumber 1). UTxO state was added to the end.
Slot 00002: W[4]: InsertionSuccess: New tip is Tip(Slot 2, BlockId 76be8b528d0075f7aae98d6fa57a6d3c83ae480a8469e668d7b0af968995ac71, BlockNumber 1). UTxO state was added to the end.
Slot 00002: W[2]: InsertionSuccess: New tip is Tip(Slot 2, BlockId 76be8b528d0075f7aae98d6fa57a6d3c83ae480a8469e668d7b0af968995ac71, BlockNumber 1). UTxO state was added to the end.
Slot 00002: W[1]: InsertionSuccess: New tip is Tip(Slot 2, BlockId 76be8b528d0075f7aae98d6fa57a6d3c83ae480a8469e668d7b0af968995ac71, BlockNumber 1). UTxO state was added to the end.
Slot 00002: W[10]: InsertionSuccess: New tip is Tip(Slot 2, BlockId 76be8b528d0075f7aae98d6fa57a6d3c83ae480a8469e668d7b0af968995ac71, BlockNumber 1). UTxO state was added to the end.
Slot 00002: W[9]: InsertionSuccess: New tip is Tip(Slot 2, BlockId 76be8b528d0075f7aae98d6fa57a6d3c83ae480a8469e668d7b0af968995ac71, BlockNumber 1). UTxO state was added to the end.
Slot 00002: W[3]: InsertionSuccess: New tip is Tip(Slot 2, BlockId 76be8b528d0075f7aae98d6fa57a6d3c83ae480a8469e668d7b0af968995ac71, BlockNumber 1). UTxO state was added to the end.
Slot 00002: W[5]: InsertionSuccess: New tip is Tip(Slot 2, BlockId 76be8b528d0075f7aae98d6fa57a6d3c83ae480a8469e668d7b0af968995ac71, BlockNumber 1). UTxO state was added to the end.
Slot 00002: SlotAdd Slot 3
Slot 00003: W[7]: InsertionSuccess: New tip is Tip(Slot 3, BlockId 76be8b528d0075f7aae98d6fa57a6d3c83ae480a8469e668d7b0af968995ac71, BlockNumber 2). UTxO state was added to the end.
Slot 00003: W[8]: InsertionSuccess: New tip is Tip(Slot 3, BlockId 76be8b528d0075f7aae98d6fa57a6d3c83ae480a8469e668d7b0af968995ac71, BlockNumber 2). UTxO state was added to the end.
Slot 00003: W[6]: InsertionSuccess: New tip is Tip(Slot 3, BlockId 76be8b528d0075f7aae98d6fa57a6d3c83ae480a8469e668d7b0af968995ac71, BlockNumber 2). UTxO state was added to the end.
Slot 00003: W[4]: InsertionSuccess: New tip is Tip(Slot 3, BlockId 76be8b528d0075f7aae98d6fa57a6d3c83ae480a8469e668d7b0af968995ac71, BlockNumber 2). UTxO state was added to the end.
Slot 00003: W[2]: InsertionSuccess: New tip is Tip(Slot 3, BlockId 76be8b528d0075f7aae98d6fa57a6d3c83ae480a8469e668d7b0af968995ac71, BlockNumber 2). UTxO state was added to the end.
Slot 00003: W[1]: InsertionSuccess: New tip is Tip(Slot 3, BlockId 76be8b528d0075f7aae98d6fa57a6d3c83ae480a8469e668d7b0af968995ac71, BlockNumber 2). UTxO state was added to the end.
Slot 00003: W[10]: InsertionSuccess: New tip is Tip(Slot 3, BlockId 76be8b528d0075f7aae98d6fa57a6d3c83ae480a8469e668d7b0af968995ac71, BlockNumber 2). UTxO state was added to the end.
Slot 00003: W[9]: InsertionSuccess: New tip is Tip(Slot 3, BlockId 76be8b528d0075f7aae98d6fa57a6d3c83ae480a8469e668d7b0af968995ac71, BlockNumber 2). UTxO state was added to the end.
Slot 00003: W[3]: InsertionSuccess: New tip is Tip(Slot 3, BlockId 76be8b528d0075f7aae98d6fa57a6d3c83ae480a8469e668d7b0af968995ac71, BlockNumber 2). UTxO state was added to the end.
Slot 00003: W[5]: InsertionSuccess: New tip is Tip(Slot 3, BlockId 76be8b528d0075f7aae98d6fa57a6d3c83ae480a8469e668d7b0af968995ac71, BlockNumber 2). UTxO state was added to the end.
Final balances
Wallet 7: 
    {, ""}: 100000000
Wallet 8: 
    {, ""}: 100000000
Wallet 6: 
    {, ""}: 100000000
Wallet 4: 
    {, ""}: 100000000
Wallet 2: 
    {, ""}: 100000000
Wallet 1: 
    {, ""}: 100000000
Wallet 10: 
    {, ""}: 100000000
Wallet 9: 
    {, ""}: 100000000
Wallet 3: 
    {, ""}: 100000000
Wallet 5: 
    {, ""}: 100000000
