Slot 00000: TxnValidate 98d5fbcefe21113b3f0390c1441e075b8a870cc5a8fa2a56dcde1d8247e41715
Slot 00000: SlotAdd Slot 1
Slot 00001: W[7]: InsertionSuccess: New tip is Tip(Slot 1, BlockId 1033bd6bfb9d90108db08880ad32a58980ae8dafd14c6217d7f83db6fae6f70c, BlockNumber 0). UTxO state was added to the end.
Slot 00001: W[8]: InsertionSuccess: New tip is Tip(Slot 1, BlockId 1033bd6bfb9d90108db08880ad32a58980ae8dafd14c6217d7f83db6fae6f70c, BlockNumber 0). UTxO state was added to the end.
Slot 00001: W[6]: InsertionSuccess: New tip is Tip(Slot 1, BlockId 1033bd6bfb9d90108db08880ad32a58980ae8dafd14c6217d7f83db6fae6f70c, BlockNumber 0). UTxO state was added to the end.
Slot 00001: W[4]: InsertionSuccess: New tip is Tip(Slot 1, BlockId 1033bd6bfb9d90108db08880ad32a58980ae8dafd14c6217d7f83db6fae6f70c, BlockNumber 0). UTxO state was added to the end.
Slot 00001: W[2]: InsertionSuccess: New tip is Tip(Slot 1, BlockId 1033bd6bfb9d90108db08880ad32a58980ae8dafd14c6217d7f83db6fae6f70c, BlockNumber 0). UTxO state was added to the end.
Slot 00001: W[1]: InsertionSuccess: New tip is Tip(Slot 1, BlockId 1033bd6bfb9d90108db08880ad32a58980ae8dafd14c6217d7f83db6fae6f70c, BlockNumber 0). UTxO state was added to the end.
Slot 00001: W[10]: InsertionSuccess: New tip is Tip(Slot 1, BlockId 1033bd6bfb9d90108db08880ad32a58980ae8dafd14c6217d7f83db6fae6f70c, BlockNumber 0). UTxO state was added to the end.
Slot 00001: W[9]: InsertionSuccess: New tip is Tip(Slot 1, BlockId 1033bd6bfb9d90108db08880ad32a58980ae8dafd14c6217d7f83db6fae6f70c, BlockNumber 0). UTxO state was added to the end.
Slot 00001: W[3]: InsertionSuccess: New tip is Tip(Slot 1, BlockId 1033bd6bfb9d90108db08880ad32a58980ae8dafd14c6217d7f83db6fae6f70c, BlockNumber 0). UTxO state was added to the end.
Slot 00001: W[5]: InsertionSuccess: New tip is Tip(Slot 1, BlockId 1033bd6bfb9d90108db08880ad32a58980ae8dafd14c6217d7f83db6fae6f70c, BlockNumber 0). UTxO state was added to the end.
Slot 00001: W[1]: TxSubmit: c8efa3052773d734f6f88dc1a50fb94da80091ffe98ef60a7e7d9baaafca272d
Slot 00001: TxnValidate c8efa3052773d734f6f88dc1a50fb94da80091ffe98ef60a7e7d9baaafca272d
Slot 00001: SlotAdd Slot 2
Slot 00002: W[7]: InsertionSuccess: New tip is Tip(Slot 2, BlockId 129b72c20d4ce4ccb057d521cca1f0b8583f74bb3b2bbec03690497b05e79146, BlockNumber 1). UTxO state was added to the end.
Slot 00002: W[8]: InsertionSuccess: New tip is Tip(Slot 2, BlockId 129b72c20d4ce4ccb057d521cca1f0b8583f74bb3b2bbec03690497b05e79146, BlockNumber 1). UTxO state was added to the end.
Slot 00002: W[6]: InsertionSuccess: New tip is Tip(Slot 2, BlockId 129b72c20d4ce4ccb057d521cca1f0b8583f74bb3b2bbec03690497b05e79146, BlockNumber 1). UTxO state was added to the end.
Slot 00002: W[4]: InsertionSuccess: New tip is Tip(Slot 2, BlockId 129b72c20d4ce4ccb057d521cca1f0b8583f74bb3b2bbec03690497b05e79146, BlockNumber 1). UTxO state was added to the end.
Slot 00002: W[2]: InsertionSuccess: New tip is Tip(Slot 2, BlockId 129b72c20d4ce4ccb057d521cca1f0b8583f74bb3b2bbec03690497b05e79146, BlockNumber 1). UTxO state was added to the end.
Slot 00002: W[1]: InsertionSuccess: New tip is Tip(Slot 2, BlockId 129b72c20d4ce4ccb057d521cca1f0b8583f74bb3b2bbec03690497b05e79146, BlockNumber 1). UTxO state was added to the end.
Slot 00002: W[10]: InsertionSuccess: New tip is Tip(Slot 2, BlockId 129b72c20d4ce4ccb057d521cca1f0b8583f74bb3b2bbec03690497b05e79146, BlockNumber 1). UTxO state was added to the end.
Slot 00002: W[9]: InsertionSuccess: New tip is Tip(Slot 2, BlockId 129b72c20d4ce4ccb057d521cca1f0b8583f74bb3b2bbec03690497b05e79146, BlockNumber 1). UTxO state was added to the end.
Slot 00002: W[3]: InsertionSuccess: New tip is Tip(Slot 2, BlockId 129b72c20d4ce4ccb057d521cca1f0b8583f74bb3b2bbec03690497b05e79146, BlockNumber 1). UTxO state was added to the end.
Slot 00002: W[5]: InsertionSuccess: New tip is Tip(Slot 2, BlockId 129b72c20d4ce4ccb057d521cca1f0b8583f74bb3b2bbec03690497b05e79146, BlockNumber 1). UTxO state was added to the end.
Slot 00002: W[2]: TxSubmit: 0721804b430d1a4d0b1e89945891dba730ed19e8d733ec1790fce612d0d23968
Slot 00002: TxnValidate 0721804b430d1a4d0b1e89945891dba730ed19e8d733ec1790fce612d0d23968
Slot 00002: SlotAdd Slot 3
Slot 00003: W[7]: InsertionSuccess: New tip is Tip(Slot 3, BlockId 7503b9f5864e5aebcf8b294f264398527960e0810e7f70ec21cb2d882580f5b0, BlockNumber 2). UTxO state was added to the end.
Slot 00003: W[8]: InsertionSuccess: New tip is Tip(Slot 3, BlockId 7503b9f5864e5aebcf8b294f264398527960e0810e7f70ec21cb2d882580f5b0, BlockNumber 2). UTxO state was added to the end.
Slot 00003: W[6]: InsertionSuccess: New tip is Tip(Slot 3, BlockId 7503b9f5864e5aebcf8b294f264398527960e0810e7f70ec21cb2d882580f5b0, BlockNumber 2). UTxO state was added to the end.
Slot 00003: W[4]: InsertionSuccess: New tip is Tip(Slot 3, BlockId 7503b9f5864e5aebcf8b294f264398527960e0810e7f70ec21cb2d882580f5b0, BlockNumber 2). UTxO state was added to the end.
Slot 00003: W[2]: InsertionSuccess: New tip is Tip(Slot 3, BlockId 7503b9f5864e5aebcf8b294f264398527960e0810e7f70ec21cb2d882580f5b0, BlockNumber 2). UTxO state was added to the end.
Slot 00003: W[1]: InsertionSuccess: New tip is Tip(Slot 3, BlockId 7503b9f5864e5aebcf8b294f264398527960e0810e7f70ec21cb2d882580f5b0, BlockNumber 2). UTxO state was added to the end.
Slot 00003: W[10]: InsertionSuccess: New tip is Tip(Slot 3, BlockId 7503b9f5864e5aebcf8b294f264398527960e0810e7f70ec21cb2d882580f5b0, BlockNumber 2). UTxO state was added to the end.
Slot 00003: W[9]: InsertionSuccess: New tip is Tip(Slot 3, BlockId 7503b9f5864e5aebcf8b294f264398527960e0810e7f70ec21cb2d882580f5b0, BlockNumber 2). UTxO state was added to the end.
Slot 00003: W[3]: InsertionSuccess: New tip is Tip(Slot 3, BlockId 7503b9f5864e5aebcf8b294f264398527960e0810e7f70ec21cb2d882580f5b0, BlockNumber 2). UTxO state was added to the end.
Slot 00003: W[5]: InsertionSuccess: New tip is Tip(Slot 3, BlockId 7503b9f5864e5aebcf8b294f264398527960e0810e7f70ec21cb2d882580f5b0, BlockNumber 2). UTxO state was added to the end.
Slot 00003: W[3]: TxSubmit: bb6938ca95aad9c4665cd994c4987b1b4369d16d3880ef00f0a101ce7212ff30
Slot 00003: TxnValidate bb6938ca95aad9c4665cd994c4987b1b4369d16d3880ef00f0a101ce7212ff30
Slot 00003: SlotAdd Slot 4
Slot 00004: W[7]: InsertionSuccess: New tip is Tip(Slot 4, BlockId 05bdfe1dd592af45f1e2f31c3f9ea24d67128424369b4b0c5f11c2d886b17bdc, BlockNumber 3). UTxO state was added to the end.
Slot 00004: W[8]: InsertionSuccess: New tip is Tip(Slot 4, BlockId 05bdfe1dd592af45f1e2f31c3f9ea24d67128424369b4b0c5f11c2d886b17bdc, BlockNumber 3). UTxO state was added to the end.
Slot 00004: W[6]: InsertionSuccess: New tip is Tip(Slot 4, BlockId 05bdfe1dd592af45f1e2f31c3f9ea24d67128424369b4b0c5f11c2d886b17bdc, BlockNumber 3). UTxO state was added to the end.
Slot 00004: W[4]: InsertionSuccess: New tip is Tip(Slot 4, BlockId 05bdfe1dd592af45f1e2f31c3f9ea24d67128424369b4b0c5f11c2d886b17bdc, BlockNumber 3). UTxO state was added to the end.
Slot 00004: W[2]: InsertionSuccess: New tip is Tip(Slot 4, BlockId 05bdfe1dd592af45f1e2f31c3f9ea24d67128424369b4b0c5f11c2d886b17bdc, BlockNumber 3). UTxO state was added to the end.
Slot 00004: W[1]: InsertionSuccess: New tip is Tip(Slot 4, BlockId 05bdfe1dd592af45f1e2f31c3f9ea24d67128424369b4b0c5f11c2d886b17bdc, BlockNumber 3). UTxO state was added to the end.
Slot 00004: W[10]: InsertionSuccess: New tip is Tip(Slot 4, BlockId 05bdfe1dd592af45f1e2f31c3f9ea24d67128424369b4b0c5f11c2d886b17bdc, BlockNumber 3). UTxO state was added to the end.
Slot 00004: W[9]: InsertionSuccess: New tip is Tip(Slot 4, BlockId 05bdfe1dd592af45f1e2f31c3f9ea24d67128424369b4b0c5f11c2d886b17bdc, BlockNumber 3). UTxO state was added to the end.
Slot 00004: W[3]: InsertionSuccess: New tip is Tip(Slot 4, BlockId 05bdfe1dd592af45f1e2f31c3f9ea24d67128424369b4b0c5f11c2d886b17bdc, BlockNumber 3). UTxO state was added to the end.
Slot 00004: W[5]: InsertionSuccess: New tip is Tip(Slot 4, BlockId 05bdfe1dd592af45f1e2f31c3f9ea24d67128424369b4b0c5f11c2d886b17bdc, BlockNumber 3). UTxO state was added to the end.
Slot 00004: W[1]: TxSubmit: 3311cd600bea89be3cbe9bf79159afdddff55b290fa6677f11396f19fc9d6e06
Slot 00004: TxnValidate 3311cd600bea89be3cbe9bf79159afdddff55b290fa6677f11396f19fc9d6e06
Slot 00004: SlotAdd Slot 5
Slot 00005: W[7]: InsertionSuccess: New tip is Tip(Slot 5, BlockId 0af3b55936658b33cb8f9efea912089a992948c218ce9d7965b60a7a84a684e4, BlockNumber 4). UTxO state was added to the end.
Slot 00005: W[8]: InsertionSuccess: New tip is Tip(Slot 5, BlockId 0af3b55936658b33cb8f9efea912089a992948c218ce9d7965b60a7a84a684e4, BlockNumber 4). UTxO state was added to the end.
Slot 00005: W[6]: InsertionSuccess: New tip is Tip(Slot 5, BlockId 0af3b55936658b33cb8f9efea912089a992948c218ce9d7965b60a7a84a684e4, BlockNumber 4). UTxO state was added to the end.
Slot 00005: W[4]: InsertionSuccess: New tip is Tip(Slot 5, BlockId 0af3b55936658b33cb8f9efea912089a992948c218ce9d7965b60a7a84a684e4, BlockNumber 4). UTxO state was added to the end.
Slot 00005: W[2]: InsertionSuccess: New tip is Tip(Slot 5, BlockId 0af3b55936658b33cb8f9efea912089a992948c218ce9d7965b60a7a84a684e4, BlockNumber 4). UTxO state was added to the end.
Slot 00005: W[1]: InsertionSuccess: New tip is Tip(Slot 5, BlockId 0af3b55936658b33cb8f9efea912089a992948c218ce9d7965b60a7a84a684e4, BlockNumber 4). UTxO state was added to the end.
Slot 00005: W[10]: InsertionSuccess: New tip is Tip(Slot 5, BlockId 0af3b55936658b33cb8f9efea912089a992948c218ce9d7965b60a7a84a684e4, BlockNumber 4). UTxO state was added to the end.
Slot 00005: W[9]: InsertionSuccess: New tip is Tip(Slot 5, BlockId 0af3b55936658b33cb8f9efea912089a992948c218ce9d7965b60a7a84a684e4, BlockNumber 4). UTxO state was added to the end.
Slot 00005: W[3]: InsertionSuccess: New tip is Tip(Slot 5, BlockId 0af3b55936658b33cb8f9efea912089a992948c218ce9d7965b60a7a84a684e4, BlockNumber 4). UTxO state was added to the end.
Slot 00005: W[5]: InsertionSuccess: New tip is Tip(Slot 5, BlockId 0af3b55936658b33cb8f9efea912089a992948c218ce9d7965b60a7a84a684e4, BlockNumber 4). UTxO state was added to the end.
Slot 00005: SlotAdd Slot 6
Slot 00006: W[7]: InsertionSuccess: New tip is Tip(Slot 6, BlockId 76be8b528d0075f7aae98d6fa57a6d3c83ae480a8469e668d7b0af968995ac71, BlockNumber 5). UTxO state was added to the end.
Slot 00006: W[8]: InsertionSuccess: New tip is Tip(Slot 6, BlockId 76be8b528d0075f7aae98d6fa57a6d3c83ae480a8469e668d7b0af968995ac71, BlockNumber 5). UTxO state was added to the end.
Slot 00006: W[6]: InsertionSuccess: New tip is Tip(Slot 6, BlockId 76be8b528d0075f7aae98d6fa57a6d3c83ae480a8469e668d7b0af968995ac71, BlockNumber 5). UTxO state was added to the end.
Slot 00006: W[4]: InsertionSuccess: New tip is Tip(Slot 6, BlockId 76be8b528d0075f7aae98d6fa57a6d3c83ae480a8469e668d7b0af968995ac71, BlockNumber 5). UTxO state was added to the end.
Slot 00006: W[2]: InsertionSuccess: New tip is Tip(Slot 6, BlockId 76be8b528d0075f7aae98d6fa57a6d3c83ae480a8469e668d7b0af968995ac71, BlockNumber 5). UTxO state was added to the end.
Slot 00006: W[1]: InsertionSuccess: New tip is Tip(Slot 6, BlockId 76be8b528d0075f7aae98d6fa57a6d3c83ae480a8469e668d7b0af968995ac71, BlockNumber 5). UTxO state was added to the end.
Slot 00006: W[10]: InsertionSuccess: New tip is Tip(Slot 6, BlockId 76be8b528d0075f7aae98d6fa57a6d3c83ae480a8469e668d7b0af968995ac71, BlockNumber 5). UTxO state was added to the end.
Slot 00006: W[9]: InsertionSuccess: New tip is Tip(Slot 6, BlockId 76be8b528d0075f7aae98d6fa57a6d3c83ae480a8469e668d7b0af968995ac71, BlockNumber 5). UTxO state was added to the end.
Slot 00006: W[3]: InsertionSuccess: New tip is Tip(Slot 6, BlockId 76be8b528d0075f7aae98d6fa57a6d3c83ae480a8469e668d7b0af968995ac71, BlockNumber 5). UTxO state was added to the end.
Slot 00006: W[5]: InsertionSuccess: New tip is Tip(Slot 6, BlockId 76be8b528d0075f7aae98d6fa57a6d3c83ae480a8469e668d7b0af968995ac71, BlockNumber 5). UTxO state was added to the end.
Final balances
Wallet 7: 
    {, ""}: 100000000
Wallet 8: 
    {, ""}: 100000000
Wallet 6: 
    {, ""}: 100000000
Wallet 4: 
    {, ""}: 100000000
Wallet 2: 
    {, ""}: 99999990
Wallet 1: 
    {, ""}: 99999980
Wallet 10: 
    {, ""}: 100000000
Wallet 9: 
    {, ""}: 100000000
Wallet 3: 
    {, ""}: 99999990
Wallet 5: 
    {, ""}: 100000000
