adler32
    1
    1
    65537
    6422626
    103547413
    2918612865

adler32Update 0
    0
    0
    0
    6357089
    103219732
    2901835648

adler32Update 1
    1
    1
    65537
    6422626
    103547413
    2918612865

adler32Update 123
    123
    123
    8061051
    14418140
    143524495
    671449083

adler32Update 0xFFF0FFF0
    4293984240
    4293984240
    4293918704
    6226016
    102826515
    2884992895

crc32
    0
    0
    3523407757
    3904355907
    907060870
    688229491

crc32Update 0
    0
    0
    3523407757
    3904355907
    907060870
    688229491

crc32Update 1
    1
    1
    2768625435
    2679148245
    191926070
    3879140792

crc32Update 123
    123
    123
    366298937
    794826487
    3088217944
    398094930

crc32Update 0xFFFFFFFF
    4294967295
    4294967295
    4294967295
    3310005809
    265137764
    3681351380

