{
    "blockHeaderHash": "6161616161616161616161616161616161616161616161616161616161616161",
    "slotNo": 1,
    "tag": "ChainPoint"
}