{
    "blockHeaderHash": "fdd5eb1b1e9fc278a08aef2f6c0fe9b576efd76966cc552d8c5a59271dc01604",
    "blockNo": 21645,
    "epochNo": 4,
    "nonce": "ce4a80f49c44c21d7114d93fe5f992a2f9de6bad4a03a5df7e7403004ebe16fc",
    "slotNo": 518400
}