[
    {
        "blockHeaderHash": "578f3cb70f4153e1622db792fea9005c80ff80f83df028210c7a914fb780a6f6",
        "blockNo": 64903,
        "epochNo": 6,
        "lovelace": 100000000000000,
        "poolId": "pool1z22x50lqsrwent6en0llzzs9e577rx7n3mv9kfw7udwa2rf42fa",
        "slotNo": 1382422
    },
    {
        "blockHeaderHash": "578f3cb70f4153e1622db792fea9005c80ff80f83df028210c7a914fb780a6f6",
        "blockNo": 64903,
        "epochNo": 6,
        "lovelace": 100000000000000,
        "poolId": "pool1547tew8vmuj0g6vj3k5jfddudextcw6hsk2hwgg6pkhk7lwphe6",
        "slotNo": 1382422
    },
    {
        "blockHeaderHash": "578f3cb70f4153e1622db792fea9005c80ff80f83df028210c7a914fb780a6f6",
        "blockNo": 64903,
        "epochNo": 6,
        "lovelace": 100000000000000,
        "poolId": "pool174mw7e20768e8vj4fn8y6p536n8rkzswsapwtwn354dckpjqzr8",
        "slotNo": 1382422
    }
]