[
    {
        "assetName": "6d7961737365746e616d65",
        "blockHeaderHash": "6161616161616161616161616161616161616161616161616161616161616161",
        "policyId": "284d60f7e56f5fd54faed4c50fd5cab0307da1c4034d6a92c5dbb940",
        "quantity": -10,
        "redeemerData": "34",
        "redeemerIdx": 0,
        "slotNo": 1,
        "txId": "ec7d3bd7c6a3a31368093b077af0db46ceac77956999eb842373e08c6420f000"
    },
    {
        "assetName": "6d7961737365746e616d65",
        "blockHeaderHash": "6161616161616161616161616161616161616161616161616161616161616161",
        "policyId": "284d60f7e56f5fd54faed4c50fd5cab0307da1c4034d6a92c5dbb940",
        "quantity": 10,
        "redeemerData": "34",
        "redeemerIdx": 0,
        "slotNo": 1,
        "txId": "ec7d3bd7c6a3a31368093b077af0db46ceac77956999eb842373e08c6420f000"
    }
]